--------------------------------------------------------------------------------
Release 12.4 Trace  (nt64)
Copyright (c) 1995-2010 Xilinx, Inc.  All rights reserved.

C:\Xilinx\12.4\ISE_DS\ISE\bin\nt64\unwrapped\trce.exe -intstyle ise -v 3 -s 2
-n 3 -fastpaths -xml processor.twx processor.ncd -o processor.twr processor.pcf

Design file:              processor.ncd
Physical constraint file: processor.pcf
Device,package,speed:     xc6slx16,csg324,C,-2 (PRODUCTION 1.15 2010-12-02)
Report level:             verbose report

Environment Variable      Effect 
--------------------      ------ 
NONE                      No environment variables were set
--------------------------------------------------------------------------------

INFO:Timing:2698 - No timing constraints found, doing default enumeration.
INFO:Timing:2752 - To get complete path coverage, use the unconstrained paths 
   option. All paths that are not constrained will be reported in the 
   unconstrained paths section(s) of the report.
INFO:Timing:3339 - The clock-to-out numbers in this timing report are based on 
   a 50 Ohm transmission line loading model.  For the details of this model, 
   and for more information on accounting for different loading conditions, 
   please see the device datasheet.



Data Sheet report:
-----------------
All values displayed in nanoseconds (ns)

Setup/Hold to clock clk
----------------+------------+------------+------------+------------+------------------+--------+
                |Max Setup to|  Process   |Max Hold to |  Process   |                  | Clock  |
Source          | clk (edge) |   Corner   | clk (edge) |   Corner   |Internal Clock(s) | Phase  |
----------------+------------+------------+------------+------------+------------------+--------+
dmem_data_in<0> |    5.045(R)|      SLOW  |   -1.055(R)|      FAST  |clk_BUFGP         |   0.000|
dmem_data_in<1> |    5.721(R)|      SLOW  |   -1.191(R)|      FAST  |clk_BUFGP         |   0.000|
dmem_data_in<2> |    6.817(R)|      SLOW  |   -1.694(R)|      FAST  |clk_BUFGP         |   0.000|
dmem_data_in<3> |    5.652(R)|      SLOW  |   -1.473(R)|      FAST  |clk_BUFGP         |   0.000|
dmem_data_in<4> |    6.577(R)|      SLOW  |   -1.371(R)|      FAST  |clk_BUFGP         |   0.000|
dmem_data_in<5> |    6.292(R)|      SLOW  |   -1.231(R)|      FAST  |clk_BUFGP         |   0.000|
dmem_data_in<6> |    8.775(R)|      SLOW  |   -1.944(R)|      FAST  |clk_BUFGP         |   0.000|
dmem_data_in<7> |    6.390(R)|      SLOW  |   -1.617(R)|      FAST  |clk_BUFGP         |   0.000|
dmem_data_in<8> |    5.802(R)|      SLOW  |   -1.397(R)|      FAST  |clk_BUFGP         |   0.000|
dmem_data_in<9> |    6.465(R)|      SLOW  |   -0.982(R)|      FAST  |clk_BUFGP         |   0.000|
dmem_data_in<10>|    6.042(R)|      SLOW  |   -1.719(R)|      FAST  |clk_BUFGP         |   0.000|
dmem_data_in<11>|    7.478(R)|      SLOW  |   -1.717(R)|      FAST  |clk_BUFGP         |   0.000|
dmem_data_in<12>|    7.307(R)|      SLOW  |   -2.006(R)|      FAST  |clk_BUFGP         |   0.000|
dmem_data_in<13>|    7.202(R)|      SLOW  |   -1.692(R)|      FAST  |clk_BUFGP         |   0.000|
dmem_data_in<14>|    6.448(R)|      SLOW  |   -1.849(R)|      FAST  |clk_BUFGP         |   0.000|
dmem_data_in<15>|    7.391(R)|      SLOW  |   -1.954(R)|      FAST  |clk_BUFGP         |   0.000|
dmem_data_in<16>|    5.234(R)|      SLOW  |   -1.130(R)|      FAST  |clk_BUFGP         |   0.000|
dmem_data_in<17>|    4.853(R)|      SLOW  |   -1.086(R)|      FAST  |clk_BUFGP         |   0.000|
dmem_data_in<18>|    5.430(R)|      SLOW  |   -1.170(R)|      FAST  |clk_BUFGP         |   0.000|
dmem_data_in<19>|    4.586(R)|      SLOW  |   -0.976(R)|      FAST  |clk_BUFGP         |   0.000|
dmem_data_in<20>|    7.253(R)|      SLOW  |   -2.183(R)|      FAST  |clk_BUFGP         |   0.000|
dmem_data_in<21>|    4.381(R)|      SLOW  |   -0.599(R)|      FAST  |clk_BUFGP         |   0.000|
dmem_data_in<22>|    4.408(R)|      SLOW  |   -0.850(R)|      FAST  |clk_BUFGP         |   0.000|
dmem_data_in<23>|    4.574(R)|      SLOW  |   -0.841(R)|      FAST  |clk_BUFGP         |   0.000|
dmem_data_in<24>|    3.767(R)|      SLOW  |   -0.731(R)|      FAST  |clk_BUFGP         |   0.000|
dmem_data_in<25>|    4.105(R)|      SLOW  |   -0.813(R)|      FAST  |clk_BUFGP         |   0.000|
dmem_data_in<26>|    3.926(R)|      SLOW  |   -0.923(R)|      FAST  |clk_BUFGP         |   0.000|
dmem_data_in<27>|    4.043(R)|      SLOW  |   -1.047(R)|      FAST  |clk_BUFGP         |   0.000|
dmem_data_in<28>|    5.293(R)|      SLOW  |   -1.389(R)|      FAST  |clk_BUFGP         |   0.000|
dmem_data_in<29>|    5.199(R)|      SLOW  |   -1.461(R)|      FAST  |clk_BUFGP         |   0.000|
dmem_data_in<30>|    5.547(R)|      SLOW  |   -1.619(R)|      FAST  |clk_BUFGP         |   0.000|
dmem_data_in<31>|    4.596(R)|      SLOW  |   -0.984(R)|      FAST  |clk_BUFGP         |   0.000|
imem_data_in<11>|   13.264(R)|      SLOW  |   -2.561(R)|      FAST  |clk_BUFGP         |   0.000|
imem_data_in<12>|   12.691(R)|      SLOW  |   -2.642(R)|      FAST  |clk_BUFGP         |   0.000|
imem_data_in<13>|   13.194(R)|      SLOW  |   -2.812(R)|      FAST  |clk_BUFGP         |   0.000|
imem_data_in<14>|   13.457(R)|      SLOW  |   -2.872(R)|      FAST  |clk_BUFGP         |   0.000|
imem_data_in<15>|   12.135(R)|      SLOW  |   -2.334(R)|      FAST  |clk_BUFGP         |   0.000|
imem_data_in<16>|   13.920(R)|      SLOW  |   -2.958(R)|      FAST  |clk_BUFGP         |   0.000|
imem_data_in<17>|   12.563(R)|      SLOW  |   -2.577(R)|      FAST  |clk_BUFGP         |   0.000|
imem_data_in<18>|   12.973(R)|      SLOW  |   -2.701(R)|      FAST  |clk_BUFGP         |   0.000|
imem_data_in<19>|   12.741(R)|      SLOW  |   -2.504(R)|      FAST  |clk_BUFGP         |   0.000|
imem_data_in<20>|   13.179(R)|      SLOW  |   -2.933(R)|      FAST  |clk_BUFGP         |   0.000|
reset           |   11.888(R)|      SLOW  |   -0.351(R)|      FAST  |clk_BUFGP         |   0.000|
----------------+------------+------------+------------+------------+------------------+--------+

Setup/Hold to clock processor_enable
----------------+------------+------------+------------+------------+--------------------------+--------+
                |Max Setup to|  Process   |Max Hold to |  Process   |                          | Clock  |
Source          | clk (edge) |   Corner   | clk (edge) |   Corner   |Internal Clock(s)         | Phase  |
----------------+------------+------------+------------+------------+--------------------------+--------+
imem_data_in<0> |    4.172(F)|      SLOW  |   -1.550(F)|      FAST  |processor_enable_IBUF_BUFG|   0.000|
imem_data_in<1> |    4.240(F)|      SLOW  |   -1.537(F)|      FAST  |processor_enable_IBUF_BUFG|   0.000|
imem_data_in<2> |    4.299(F)|      SLOW  |   -1.620(F)|      FAST  |processor_enable_IBUF_BUFG|   0.000|
imem_data_in<3> |    4.086(F)|      SLOW  |   -1.489(F)|      FAST  |processor_enable_IBUF_BUFG|   0.000|
imem_data_in<4> |    4.365(F)|      SLOW  |   -1.674(F)|      FAST  |processor_enable_IBUF_BUFG|   0.000|
imem_data_in<5> |    4.130(F)|      SLOW  |   -1.520(F)|      FAST  |processor_enable_IBUF_BUFG|   0.000|
imem_data_in<6> |    3.549(F)|      SLOW  |   -1.256(F)|      FAST  |processor_enable_IBUF_BUFG|   0.000|
imem_data_in<7> |    3.740(F)|      SLOW  |   -1.305(F)|      FAST  |processor_enable_IBUF_BUFG|   0.000|
imem_data_in<8> |    3.584(F)|      SLOW  |   -1.279(F)|      FAST  |processor_enable_IBUF_BUFG|   0.000|
imem_data_in<9> |    3.805(F)|      SLOW  |   -1.341(F)|      FAST  |processor_enable_IBUF_BUFG|   0.000|
imem_data_in<10>|    3.694(F)|      SLOW  |   -1.288(F)|      FAST  |processor_enable_IBUF_BUFG|   0.000|
imem_data_in<11>|    4.291(F)|      SLOW  |   -1.532(F)|      FAST  |processor_enable_IBUF_BUFG|   0.000|
imem_data_in<12>|    4.975(F)|      SLOW  |   -1.929(F)|      FAST  |processor_enable_IBUF_BUFG|   0.000|
imem_data_in<13>|    4.751(F)|      SLOW  |   -1.800(F)|      FAST  |processor_enable_IBUF_BUFG|   0.000|
imem_data_in<14>|    4.715(F)|      SLOW  |   -1.797(F)|      FAST  |processor_enable_IBUF_BUFG|   0.000|
imem_data_in<15>|    3.966(F)|      SLOW  |   -1.422(F)|      FAST  |processor_enable_IBUF_BUFG|   0.000|
imem_data_in<16>|    6.383(F)|      SLOW  |   -1.774(F)|      FAST  |processor_enable_IBUF_BUFG|   0.000|
imem_data_in<17>|    5.391(F)|      SLOW  |   -1.461(F)|      FAST  |processor_enable_IBUF_BUFG|   0.000|
imem_data_in<18>|    5.173(F)|      SLOW  |   -2.045(F)|      FAST  |processor_enable_IBUF_BUFG|   0.000|
imem_data_in<19>|    4.329(F)|      SLOW  |   -1.638(F)|      FAST  |processor_enable_IBUF_BUFG|   0.000|
imem_data_in<20>|    4.294(F)|      SLOW  |   -1.723(F)|      FAST  |processor_enable_IBUF_BUFG|   0.000|
imem_data_in<21>|    5.168(F)|      SLOW  |   -1.668(F)|      FAST  |processor_enable_IBUF_BUFG|   0.000|
imem_data_in<22>|    5.323(F)|      SLOW  |   -1.599(F)|      FAST  |processor_enable_IBUF_BUFG|   0.000|
imem_data_in<23>|    4.715(F)|      SLOW  |   -1.848(F)|      FAST  |processor_enable_IBUF_BUFG|   0.000|
imem_data_in<24>|    4.433(F)|      SLOW  |   -1.777(F)|      FAST  |processor_enable_IBUF_BUFG|   0.000|
imem_data_in<25>|    4.892(F)|      SLOW  |   -1.924(F)|      FAST  |processor_enable_IBUF_BUFG|   0.000|
imem_data_in<26>|   -0.091(F)|      FAST  |    1.541(F)|      SLOW  |processor_enable_IBUF_BUFG|   0.000|
imem_data_in<27>|   -0.122(F)|      FAST  |    1.607(F)|      SLOW  |processor_enable_IBUF_BUFG|   0.000|
imem_data_in<28>|   -0.153(F)|      FAST  |    1.508(F)|      SLOW  |processor_enable_IBUF_BUFG|   0.000|
imem_data_in<29>|   -0.184(F)|      FAST  |    1.669(F)|      SLOW  |processor_enable_IBUF_BUFG|   0.000|
imem_data_in<30>|   -0.151(F)|      FAST  |    1.506(F)|      SLOW  |processor_enable_IBUF_BUFG|   0.000|
imem_data_in<31>|   -0.182(F)|      FAST  |    1.667(F)|      SLOW  |processor_enable_IBUF_BUFG|   0.000|
----------------+------------+------------+------------+------------+--------------------------+--------+

Clock clk to Pad
----------------+-----------------+------------+-----------------+------------+------------------+--------+
                |Max (slowest) clk|  Process   |Min (fastest) clk|  Process   |                  | Clock  |
Destination     |  (edge) to PAD  |   Corner   |  (edge) to PAD  |   Corner   |Internal Clock(s) | Phase  |
----------------+-----------------+------------+-----------------+------------+------------------+--------+
imem_address<0> |        11.980(R)|      SLOW  |         4.908(R)|      FAST  |clk_BUFGP         |   0.000|
imem_address<1> |        12.014(R)|      SLOW  |         4.927(R)|      FAST  |clk_BUFGP         |   0.000|
imem_address<2> |        11.963(R)|      SLOW  |         4.877(R)|      FAST  |clk_BUFGP         |   0.000|
imem_address<3> |        11.348(R)|      SLOW  |         4.574(R)|      FAST  |clk_BUFGP         |   0.000|
imem_address<4> |        10.965(R)|      SLOW  |         4.418(R)|      FAST  |clk_BUFGP         |   0.000|
imem_address<5> |        11.253(R)|      SLOW  |         4.523(R)|      FAST  |clk_BUFGP         |   0.000|
imem_address<6> |        11.408(R)|      SLOW  |         4.621(R)|      FAST  |clk_BUFGP         |   0.000|
imem_address<7> |        11.845(R)|      SLOW  |         4.812(R)|      FAST  |clk_BUFGP         |   0.000|
imem_address<8> |        10.656(R)|      SLOW  |         4.270(R)|      FAST  |clk_BUFGP         |   0.000|
imem_address<9> |        11.177(R)|      SLOW  |         4.524(R)|      FAST  |clk_BUFGP         |   0.000|
imem_address<10>|        11.542(R)|      SLOW  |         4.659(R)|      FAST  |clk_BUFGP         |   0.000|
imem_address<11>|        11.097(R)|      SLOW  |         4.441(R)|      FAST  |clk_BUFGP         |   0.000|
imem_address<12>|        11.221(R)|      SLOW  |         4.618(R)|      FAST  |clk_BUFGP         |   0.000|
imem_address<13>|        10.675(R)|      SLOW  |         4.265(R)|      FAST  |clk_BUFGP         |   0.000|
imem_address<14>|        11.110(R)|      SLOW  |         4.528(R)|      FAST  |clk_BUFGP         |   0.000|
imem_address<15>|        11.034(R)|      SLOW  |         4.496(R)|      FAST  |clk_BUFGP         |   0.000|
imem_address<16>|        10.839(R)|      SLOW  |         4.401(R)|      FAST  |clk_BUFGP         |   0.000|
imem_address<17>|        10.096(R)|      SLOW  |         4.031(R)|      FAST  |clk_BUFGP         |   0.000|
imem_address<18>|         9.933(R)|      SLOW  |         3.978(R)|      FAST  |clk_BUFGP         |   0.000|
imem_address<19>|        10.137(R)|      SLOW  |         4.052(R)|      FAST  |clk_BUFGP         |   0.000|
imem_address<20>|        10.473(R)|      SLOW  |         4.228(R)|      FAST  |clk_BUFGP         |   0.000|
imem_address<21>|        10.116(R)|      SLOW  |         4.054(R)|      FAST  |clk_BUFGP         |   0.000|
imem_address<22>|        10.328(R)|      SLOW  |         4.156(R)|      FAST  |clk_BUFGP         |   0.000|
imem_address<23>|        10.086(R)|      SLOW  |         4.029(R)|      FAST  |clk_BUFGP         |   0.000|
imem_address<24>|         9.792(R)|      SLOW  |         3.955(R)|      FAST  |clk_BUFGP         |   0.000|
imem_address<25>|         9.551(R)|      SLOW  |         3.766(R)|      FAST  |clk_BUFGP         |   0.000|
imem_address<26>|         9.644(R)|      SLOW  |         3.817(R)|      FAST  |clk_BUFGP         |   0.000|
imem_address<27>|         9.586(R)|      SLOW  |         3.798(R)|      FAST  |clk_BUFGP         |   0.000|
imem_address<28>|         9.339(R)|      SLOW  |         3.673(R)|      FAST  |clk_BUFGP         |   0.000|
imem_address<29>|         9.491(R)|      SLOW  |         3.759(R)|      FAST  |clk_BUFGP         |   0.000|
imem_address<30>|         8.880(R)|      SLOW  |         3.465(R)|      FAST  |clk_BUFGP         |   0.000|
imem_address<31>|         8.668(R)|      SLOW  |         3.371(R)|      FAST  |clk_BUFGP         |   0.000|
----------------+-----------------+------------+-----------------+------------+------------------+--------+

Clock processor_enable to Pad
-------------------+-----------------+------------+-----------------+------------+--------------------------+--------+
                   |Max (slowest) clk|  Process   |Min (fastest) clk|  Process   |                          | Clock  |
Destination        |  (edge) to PAD  |   Corner   |  (edge) to PAD  |   Corner   |Internal Clock(s)         | Phase  |
-------------------+-----------------+------------+-----------------+------------+--------------------------+--------+
dmem_address<0>    |         9.408(F)|      SLOW  |         3.809(F)|      FAST  |processor_enable_IBUF_BUFG|   0.000|
dmem_address<1>    |        10.852(F)|      SLOW  |         4.505(F)|      FAST  |processor_enable_IBUF_BUFG|   0.000|
dmem_address<2>    |         9.714(F)|      SLOW  |         3.871(F)|      FAST  |processor_enable_IBUF_BUFG|   0.000|
dmem_address<3>    |         9.992(F)|      SLOW  |         4.015(F)|      FAST  |processor_enable_IBUF_BUFG|   0.000|
dmem_address<4>    |         9.895(F)|      SLOW  |         3.987(F)|      FAST  |processor_enable_IBUF_BUFG|   0.000|
dmem_address<5>    |         9.572(F)|      SLOW  |         3.823(F)|      FAST  |processor_enable_IBUF_BUFG|   0.000|
dmem_address<6>    |        10.247(F)|      SLOW  |         4.221(F)|      FAST  |processor_enable_IBUF_BUFG|   0.000|
dmem_address<7>    |        10.407(F)|      SLOW  |         4.299(F)|      FAST  |processor_enable_IBUF_BUFG|   0.000|
dmem_address<8>    |        10.156(F)|      SLOW  |         4.145(F)|      FAST  |processor_enable_IBUF_BUFG|   0.000|
dmem_address<9>    |        10.132(F)|      SLOW  |         4.156(F)|      FAST  |processor_enable_IBUF_BUFG|   0.000|
dmem_address<10>   |        10.402(F)|      SLOW  |         4.261(F)|      FAST  |processor_enable_IBUF_BUFG|   0.000|
dmem_address<11>   |        12.963(F)|      SLOW  |         5.473(F)|      FAST  |processor_enable_IBUF_BUFG|   0.000|
dmem_address<12>   |        11.050(F)|      SLOW  |         4.566(F)|      FAST  |processor_enable_IBUF_BUFG|   0.000|
dmem_address<13>   |        11.158(F)|      SLOW  |         4.608(F)|      FAST  |processor_enable_IBUF_BUFG|   0.000|
dmem_address<14>   |        11.993(F)|      SLOW  |         5.052(F)|      FAST  |processor_enable_IBUF_BUFG|   0.000|
dmem_address<15>   |        10.741(F)|      SLOW  |         4.413(F)|      FAST  |processor_enable_IBUF_BUFG|   0.000|
dmem_address<16>   |        10.198(F)|      SLOW  |         4.205(F)|      FAST  |processor_enable_IBUF_BUFG|   0.000|
dmem_address<17>   |        10.815(F)|      SLOW  |         4.443(F)|      FAST  |processor_enable_IBUF_BUFG|   0.000|
dmem_address<18>   |        10.444(F)|      SLOW  |         4.285(F)|      FAST  |processor_enable_IBUF_BUFG|   0.000|
dmem_address<19>   |        10.540(F)|      SLOW  |         4.347(F)|      FAST  |processor_enable_IBUF_BUFG|   0.000|
dmem_address<20>   |        10.726(F)|      SLOW  |         4.455(F)|      FAST  |processor_enable_IBUF_BUFG|   0.000|
dmem_address<21>   |        10.721(F)|      SLOW  |         4.450(F)|      FAST  |processor_enable_IBUF_BUFG|   0.000|
dmem_address<22>   |        10.555(F)|      SLOW  |         4.448(F)|      FAST  |processor_enable_IBUF_BUFG|   0.000|
dmem_address<23>   |        10.227(F)|      SLOW  |         4.247(F)|      FAST  |processor_enable_IBUF_BUFG|   0.000|
dmem_address<24>   |        10.553(F)|      SLOW  |         4.420(F)|      FAST  |processor_enable_IBUF_BUFG|   0.000|
dmem_address<25>   |        10.442(F)|      SLOW  |         4.314(F)|      FAST  |processor_enable_IBUF_BUFG|   0.000|
dmem_address<26>   |        10.465(F)|      SLOW  |         4.368(F)|      FAST  |processor_enable_IBUF_BUFG|   0.000|
dmem_address<27>   |        10.105(F)|      SLOW  |         4.112(F)|      FAST  |processor_enable_IBUF_BUFG|   0.000|
dmem_address<28>   |         9.913(F)|      SLOW  |         3.977(F)|      FAST  |processor_enable_IBUF_BUFG|   0.000|
dmem_address<29>   |         9.958(F)|      SLOW  |         4.013(F)|      FAST  |processor_enable_IBUF_BUFG|   0.000|
dmem_address<30>   |         9.984(F)|      SLOW  |         3.972(F)|      FAST  |processor_enable_IBUF_BUFG|   0.000|
dmem_address<31>   |        10.556(F)|      SLOW  |         4.281(F)|      FAST  |processor_enable_IBUF_BUFG|   0.000|
dmem_address_wr<0> |        11.608(F)|      SLOW  |         4.858(F)|      FAST  |processor_enable_IBUF_BUFG|   0.000|
dmem_address_wr<1> |        13.286(F)|      SLOW  |         5.849(F)|      FAST  |processor_enable_IBUF_BUFG|   0.000|
dmem_address_wr<2> |        11.941(F)|      SLOW  |         4.957(F)|      FAST  |processor_enable_IBUF_BUFG|   0.000|
dmem_address_wr<3> |        11.311(F)|      SLOW  |         4.703(F)|      FAST  |processor_enable_IBUF_BUFG|   0.000|
dmem_address_wr<4> |        11.491(F)|      SLOW  |         4.724(F)|      FAST  |processor_enable_IBUF_BUFG|   0.000|
dmem_address_wr<5> |        11.476(F)|      SLOW  |         4.733(F)|      FAST  |processor_enable_IBUF_BUFG|   0.000|
dmem_address_wr<6> |        10.629(F)|      SLOW  |         4.366(F)|      FAST  |processor_enable_IBUF_BUFG|   0.000|
dmem_address_wr<7> |        10.675(F)|      SLOW  |         4.379(F)|      FAST  |processor_enable_IBUF_BUFG|   0.000|
dmem_address_wr<8> |        10.849(F)|      SLOW  |         4.404(F)|      FAST  |processor_enable_IBUF_BUFG|   0.000|
dmem_address_wr<9> |        10.781(F)|      SLOW  |         4.403(F)|      FAST  |processor_enable_IBUF_BUFG|   0.000|
dmem_address_wr<10>|        10.895(F)|      SLOW  |         4.495(F)|      FAST  |processor_enable_IBUF_BUFG|   0.000|
dmem_address_wr<11>|        10.549(F)|      SLOW  |         4.276(F)|      FAST  |processor_enable_IBUF_BUFG|   0.000|
dmem_address_wr<12>|        10.855(F)|      SLOW  |         4.456(F)|      FAST  |processor_enable_IBUF_BUFG|   0.000|
dmem_address_wr<13>|        10.894(F)|      SLOW  |         4.445(F)|      FAST  |processor_enable_IBUF_BUFG|   0.000|
dmem_address_wr<14>|        10.145(F)|      SLOW  |         4.072(F)|      FAST  |processor_enable_IBUF_BUFG|   0.000|
dmem_address_wr<15>|        10.669(F)|      SLOW  |         4.397(F)|      FAST  |processor_enable_IBUF_BUFG|   0.000|
dmem_address_wr<16>|        10.198(F)|      SLOW  |         4.102(F)|      FAST  |processor_enable_IBUF_BUFG|   0.000|
dmem_address_wr<17>|        10.157(F)|      SLOW  |         4.077(F)|      FAST  |processor_enable_IBUF_BUFG|   0.000|
dmem_address_wr<18>|         9.620(F)|      SLOW  |         3.840(F)|      FAST  |processor_enable_IBUF_BUFG|   0.000|
dmem_address_wr<19>|        10.231(F)|      SLOW  |         4.094(F)|      FAST  |processor_enable_IBUF_BUFG|   0.000|
dmem_address_wr<20>|        10.009(F)|      SLOW  |         4.041(F)|      FAST  |processor_enable_IBUF_BUFG|   0.000|
dmem_address_wr<21>|         9.688(F)|      SLOW  |         3.860(F)|      FAST  |processor_enable_IBUF_BUFG|   0.000|
dmem_address_wr<22>|         9.900(F)|      SLOW  |         3.956(F)|      FAST  |processor_enable_IBUF_BUFG|   0.000|
dmem_address_wr<23>|         9.635(F)|      SLOW  |         3.829(F)|      FAST  |processor_enable_IBUF_BUFG|   0.000|
dmem_address_wr<24>|         9.684(F)|      SLOW  |         3.855(F)|      FAST  |processor_enable_IBUF_BUFG|   0.000|
dmem_address_wr<25>|         9.654(F)|      SLOW  |         3.859(F)|      FAST  |processor_enable_IBUF_BUFG|   0.000|
dmem_address_wr<26>|         9.683(F)|      SLOW  |         3.843(F)|      FAST  |processor_enable_IBUF_BUFG|   0.000|
dmem_address_wr<27>|         9.941(F)|      SLOW  |         4.054(F)|      FAST  |processor_enable_IBUF_BUFG|   0.000|
dmem_address_wr<28>|        10.658(F)|      SLOW  |         4.376(F)|      FAST  |processor_enable_IBUF_BUFG|   0.000|
dmem_address_wr<29>|        10.220(F)|      SLOW  |         4.192(F)|      FAST  |processor_enable_IBUF_BUFG|   0.000|
dmem_address_wr<30>|        10.883(F)|      SLOW  |         4.530(F)|      FAST  |processor_enable_IBUF_BUFG|   0.000|
dmem_address_wr<31>|        11.354(F)|      SLOW  |         4.796(F)|      FAST  |processor_enable_IBUF_BUFG|   0.000|
dmem_data_out<0>   |        13.499(F)|      SLOW  |         5.757(F)|      FAST  |processor_enable_IBUF_BUFG|   0.000|
dmem_data_out<1>   |        13.290(F)|      SLOW  |         5.600(F)|      FAST  |processor_enable_IBUF_BUFG|   0.000|
dmem_data_out<2>   |        13.330(F)|      SLOW  |         5.634(F)|      FAST  |processor_enable_IBUF_BUFG|   0.000|
dmem_data_out<3>   |        12.151(F)|      SLOW  |         5.043(F)|      FAST  |processor_enable_IBUF_BUFG|   0.000|
dmem_data_out<4>   |        12.778(F)|      SLOW  |         5.484(F)|      FAST  |processor_enable_IBUF_BUFG|   0.000|
dmem_data_out<5>   |        12.128(F)|      SLOW  |         5.009(F)|      FAST  |processor_enable_IBUF_BUFG|   0.000|
dmem_data_out<6>   |        12.168(F)|      SLOW  |         5.043(F)|      FAST  |processor_enable_IBUF_BUFG|   0.000|
dmem_data_out<7>   |        12.379(F)|      SLOW  |         5.134(F)|      FAST  |processor_enable_IBUF_BUFG|   0.000|
dmem_data_out<8>   |        12.187(F)|      SLOW  |         4.955(F)|      FAST  |processor_enable_IBUF_BUFG|   0.000|
dmem_data_out<9>   |        11.984(F)|      SLOW  |         4.867(F)|      FAST  |processor_enable_IBUF_BUFG|   0.000|
dmem_data_out<10>  |        12.011(F)|      SLOW  |         4.907(F)|      FAST  |processor_enable_IBUF_BUFG|   0.000|
dmem_data_out<11>  |        11.377(F)|      SLOW  |         4.623(F)|      FAST  |processor_enable_IBUF_BUFG|   0.000|
dmem_data_out<12>  |        11.505(F)|      SLOW  |         4.649(F)|      FAST  |processor_enable_IBUF_BUFG|   0.000|
dmem_data_out<13>  |        11.302(F)|      SLOW  |         4.561(F)|      FAST  |processor_enable_IBUF_BUFG|   0.000|
dmem_data_out<14>  |        11.329(F)|      SLOW  |         4.601(F)|      FAST  |processor_enable_IBUF_BUFG|   0.000|
dmem_data_out<15>  |        11.616(F)|      SLOW  |         4.787(F)|      FAST  |processor_enable_IBUF_BUFG|   0.000|
dmem_data_out<16>  |        11.350(F)|      SLOW  |         4.574(F)|      FAST  |processor_enable_IBUF_BUFG|   0.000|
dmem_data_out<17>  |        11.040(F)|      SLOW  |         4.445(F)|      FAST  |processor_enable_IBUF_BUFG|   0.000|
dmem_data_out<18>  |        11.402(F)|      SLOW  |         4.644(F)|      FAST  |processor_enable_IBUF_BUFG|   0.000|
dmem_data_out<19>  |        11.377(F)|      SLOW  |         4.615(F)|      FAST  |processor_enable_IBUF_BUFG|   0.000|
dmem_data_out<20>  |        11.505(F)|      SLOW  |         4.641(F)|      FAST  |processor_enable_IBUF_BUFG|   0.000|
dmem_data_out<21>  |        11.302(F)|      SLOW  |         4.553(F)|      FAST  |processor_enable_IBUF_BUFG|   0.000|
dmem_data_out<22>  |        11.374(F)|      SLOW  |         4.592(F)|      FAST  |processor_enable_IBUF_BUFG|   0.000|
dmem_data_out<23>  |        11.029(F)|      SLOW  |         4.429(F)|      FAST  |processor_enable_IBUF_BUFG|   0.000|
dmem_data_out<24>  |        11.260(F)|      SLOW  |         4.558(F)|      FAST  |processor_enable_IBUF_BUFG|   0.000|
dmem_data_out<25>  |        11.021(F)|      SLOW  |         4.454(F)|      FAST  |processor_enable_IBUF_BUFG|   0.000|
dmem_data_out<26>  |        11.220(F)|      SLOW  |         4.505(F)|      FAST  |processor_enable_IBUF_BUFG|   0.000|
dmem_data_out<27>  |        11.593(F)|      SLOW  |         4.824(F)|      FAST  |processor_enable_IBUF_BUFG|   0.000|
dmem_data_out<28>  |        11.633(F)|      SLOW  |         4.857(F)|      FAST  |processor_enable_IBUF_BUFG|   0.000|
dmem_data_out<29>  |        11.597(F)|      SLOW  |         4.841(F)|      FAST  |processor_enable_IBUF_BUFG|   0.000|
dmem_data_out<30>  |        11.119(F)|      SLOW  |         4.465(F)|      FAST  |processor_enable_IBUF_BUFG|   0.000|
dmem_data_out<31>  |        11.117(F)|      SLOW  |         4.463(F)|      FAST  |processor_enable_IBUF_BUFG|   0.000|
-------------------+-----------------+------------+-----------------+------------+--------------------------+--------+

Clock to Setup on destination clock clk
----------------+---------+---------+---------+---------+
                | Src:Rise| Src:Fall| Src:Rise| Src:Fall|
Source Clock    |Dest:Rise|Dest:Rise|Dest:Fall|Dest:Fall|
----------------+---------+---------+---------+---------+
clk             |   27.954|         |         |         |
processor_enable|    4.976|   28.764|         |         |
----------------+---------+---------+---------+---------+

Clock to Setup on destination clock processor_enable
----------------+---------+---------+---------+---------+
                | Src:Rise| Src:Fall| Src:Rise| Src:Fall|
Source Clock    |Dest:Rise|Dest:Rise|Dest:Fall|Dest:Fall|
----------------+---------+---------+---------+---------+
clk             |         |         |   24.934|         |
processor_enable|         |         |    1.168|   24.684|
----------------+---------+---------+---------+---------+


Analysis completed Sat Sep 29 20:21:56 2012 
--------------------------------------------------------------------------------

Trace Settings:
-------------------------
Trace Settings 

Peak Memory Usage: 244 MB



